// Jest Snapshot v1, https://goo.gl/fbAQLP

exports[`render AddExpensePage correctly 1`] = `
<div>
  <div
    className="page-header"
  >
    <h1
      className="heading"
    >
      Add Expense
    </h1>
  </div>
  <div
    className="page-container"
  >
    <ExpenseForm
      onSubmit={[Function]}
    />
  </div>
</div>
`;
