// Jest Snapshot v1, https://goo.gl/fbAQLP

exports[`render Header component 1`] = `
<header
  className="flex-container"
>
  <Link
    className="page-title"
    to="/"
  >
    <h3>
      Expensify
    </h3>
  </Link>
  <NavLink
    to="/logout"
  >
    <button
      className="text"
    >
      Logout
    </button>
  </NavLink>
</header>
`;
